﻿
> tedport-web@0.0.0 build
> vite build

[36mrolldown-vite v7.2.5 [32mbuilding client environment for production...[36m[39m
[2K
transforming...Ô£ô 144 modules transformed.
rendering chunks...
computing gzip size...
dist/registerSW.js                                     0.13 kB
dist/manifest.webmanifest                              0.46 kB
dist/index.html                                        3.04 kB Ôöé gzip:   1.36 kB
dist/assets/SharedFooter-U9K5TrV-.css                  2.19 kB Ôöé gzip:   0.74 kB
dist/assets/SimpleSelect-BK4YbpYg.css                  2.94 kB Ôöé gzip:   0.85 kB
dist/assets/EmailConfirmation-DkxO-wjC.css             2.99 kB Ôöé gzip:   1.03 kB
dist/assets/CitySelect-BAqkIYpN.css                    4.10 kB Ôöé gzip:   1.06 kB
dist/assets/Kvkk-Xr5rz-ts.css                          4.69 kB Ôöé gzip:   1.16 kB
dist/assets/AdminEtiketOnay-D0EcZ0y9.css               6.12 kB Ôöé gzip:   1.70 kB
dist/assets/AdminCorporateApplications-CDT5q0ed.css    6.97 kB Ôöé gzip:   1.73 kB
dist/assets/SSS-rXvQn-uJ.css                           7.36 kB Ôöé gzip:   1.92 kB
dist/assets/AdminContactMessages-B6TEwwEP.css          8.11 kB Ôöé gzip:   2.14 kB
dist/assets/Login-DV6BDP5O.css                         8.14 kB Ôöé gzip:   1.94 kB
dist/assets/DatePicker-z20dRsvv.css                    9.20 kB Ôöé gzip:   1.96 kB
dist/assets/index-DHeumGYr.css                         9.69 kB Ôöé gzip:   2.74 kB
dist/assets/iletisim-eHLTu-Cw.css                     10.03 kB Ôöé gzip:   2.11 kB
dist/assets/AdminChatbotTraining-DLijkQ_H.css         10.23 kB Ôöé gzip:   2.48 kB
dist/assets/SharedHeader-DGzrlzjR.css                 10.90 kB Ôöé gzip:   2.31 kB
dist/assets/AdminFirmaDuzenle-obyH89rU.css            11.91 kB Ôöé gzip:   2.73 kB
dist/assets/hakkimizda-D4X-uu-v.css                   13.76 kB Ôöé gzip:   2.32 kB
dist/assets/Home-Dc9oZZOE.css                         21.96 kB Ôöé gzip:   3.72 kB
dist/assets/Register-CMel1jgN.css                     23.39 kB Ôöé gzip:   4.91 kB
dist/assets/Firmalar-ChdgUsdO.css                     29.54 kB Ôöé gzip:   5.69 kB
dist/assets/CompanyManagementPanel-4bn5UDr_.css       35.06 kB Ôöé gzip:   6.51 kB
dist/assets/FirmaDetay-DhOuU7AF.css                   51.08 kB Ôöé gzip:   9.82 kB
dist/assets/FirmaProfil-CKgTXr7T.css                  82.19 kB Ôöé gzip:  13.80 kB
dist/assets/Ihaleler-silhNcX7.css                     89.78 kB Ôöé gzip:  14.06 kB
dist/assets/Profile-Bek4ISaz.css                     128.11 kB Ôöé gzip:  20.99 kB
dist/assets/useTheme-DRA3Ybv6.js                       0.61 kB Ôöé gzip:   0.36 kB
dist/assets/companyManagementApi-0NjvF1jh.js           0.63 kB Ôöé gzip:   0.40 kB
dist/assets/tenderUtils-BrDB61hV.js                    1.12 kB Ôöé gzip:   0.60 kB
dist/assets/NotFound-CgzHb6mO.js                       1.18 kB Ôöé gzip:   0.64 kB
dist/assets/EmailConfirmation-DEEGmZue.js              2.68 kB Ôöé gzip:   1.23 kB
dist/assets/EmailChangeSuccess-ulpSkgK_.js             2.83 kB Ôöé gzip:   1.07 kB
dist/assets/SharedFooter-B8Ek6yXF.js                   3.22 kB Ôöé gzip:   1.23 kB
dist/assets/SimpleSelect-DGoEqwZ0.js                   3.23 kB Ôöé gzip:   1.27 kB
dist/assets/ResetPassword-BD_3jF0C.js                  3.80 kB Ôöé gzip:   1.46 kB
dist/assets/iletisim-EjBi0P78.js                       5.06 kB Ôöé gzip:   1.69 kB
dist/assets/DatePicker-Dy41wmaP.js                     5.52 kB Ôöé gzip:   1.87 kB
dist/assets/HizmetSartlari-XJNaxXvC.js                 5.82 kB Ôöé gzip:   2.08 kB
dist/assets/SSS-DRnXTEF6.js                            6.66 kB Ôöé gzip:   2.50 kB
dist/assets/GizlilikPolitikasi-Dj5b9-I9.js             7.14 kB Ôöé gzip:   2.23 kB
dist/assets/AdminContactMessages-QYftFbnY.js           7.39 kB Ôöé gzip:   2.33 kB
dist/assets/Login-DKkdBcMe.js                          8.69 kB Ôöé gzip:   3.10 kB
dist/assets/hakkimizda-Wo0mzVrD.js                     8.98 kB Ôöé gzip:   2.38 kB
dist/assets/AdminEtiketOnay-DOx8q9A4.js                9.47 kB Ôöé gzip:   2.35 kB
dist/assets/Kvkk-DIpIXqF_.js                          11.47 kB Ôöé gzip:   2.98 kB
dist/assets/AdminCorporateApplications-fxMrif5q.js    11.88 kB Ôöé gzip:   3.47 kB
dist/assets/CitySelect-CJnR_nk5.js                    13.99 kB Ôöé gzip:   6.44 kB
dist/assets/AdminMesajSikayetleri-gpv9SiX8.js         14.54 kB Ôöé gzip:   3.79 kB
dist/assets/Home-C9CsMDxU.js                          15.42 kB Ôöé gzip:   4.21 kB
dist/assets/AdminChatbotTraining-BZEdzSrX.js          15.47 kB Ôöé gzip:   3.86 kB
dist/assets/SharedHeader-Dt5hxomI.js                  16.85 kB Ôöé gzip:   2.87 kB
dist/assets/SEO-CM9arwOC.js                           17.54 kB Ôöé gzip:   6.28 kB
dist/assets/CompanyManagementPanel-XR0VeP_T.js        19.72 kB Ôöé gzip:   5.56 kB
dist/assets/AdminFirmaDuzenle-DiXn3oV6.js             24.70 kB Ôöé gzip:   5.95 kB
dist/assets/synonyms-D0_Qgnzk.js                      40.29 kB Ôöé gzip:  14.76 kB
dist/assets/Firmalar-Bobw7geX.js                      41.57 kB Ôöé gzip:   9.86 kB
dist/assets/Register-B1LyRyb_.js                      41.63 kB Ôöé gzip:  11.22 kB
dist/assets/FirmaDetay-Bh_57Nq4.js                    43.34 kB Ôöé gzip:  12.05 kB
dist/assets/Profile-1D-v2EAf.js                       48.31 kB Ôöé gzip:  12.10 kB
dist/assets/Profile-Dg8Nr3w_.js                       74.45 kB Ôöé gzip:  17.61 kB
dist/assets/Ihaleler-D_-Kaoxc.js                      93.38 kB Ôöé gzip:  20.26 kB
dist/assets/FirmaProfil-BFsRSBHG.js                  188.73 kB Ôöé gzip:  42.23 kB
dist/assets/index-EQ_ez8T1.js                        427.17 kB Ôöé gzip: 125.50 kB
[32mÔ£ô built in 230ms[39m

PWA v1.2.0
mode      generateSW
precache  77 entries (4220.74 KiB)
files generated
  dist/sw.js
  dist/workbox-1d305bb8.js
